[0.126s] colcon DEBUG Command line arguments: ['/usr/bin/colcon', 'list', '-p', '--base-paths', '/home/nikolaakrap/autonomous_irregular_object_manipulation']
[0.127s] colcon DEBUG Parsed command line arguments: Namespace(log_base=None, log_level=None, verb_name='list', build_base='build', ignore_user_meta=False, metas=['./colcon.meta'], base_paths=['/home/nikolaakrap/autonomous_irregular_object_manipulation'], packages_ignore=None, packages_ignore_regex=None, paths=None, packages_up_to=None, packages_up_to_regex=None, packages_above=None, packages_above_and_dependencies=None, packages_above_depth=None, packages_select_by_dep=None, packages_skip_by_dep=None, packages_skip_up_to=None, packages_select_build_failed=False, packages_skip_build_finished=False, packages_select_test_failures=False, packages_skip_test_passed=False, packages_select=None, packages_skip=None, packages_select_regex=None, packages_skip_regex=None, packages_start=None, packages_end=None, allow_overriding=[], topological_order=False, names_only=False, paths_only=True, topological_graph=False, topological_graph_dot=False, topological_graph_density=False, topological_graph_legend=False, topological_graph_dot_cluster=False, topological_graph_dot_include_skipped=False, mixin_files=None, mixin=None, verb_parser=<colcon_mixin.mixin.mixin_argument.MixinArgumentDecorator object at 0x7d4bfab30280>, verb_extension=<colcon_package_information.verb.list.ListVerb object at 0x7d4bfac9cdc0>, main=<bound method ListVerb.main of <colcon_package_information.verb.list.ListVerb object at 0x7d4bfac9cdc0>>, mixin_verb=('list',))
[0.337s] colcon.colcon_core.package_discovery Level 1 discover_packages(colcon_meta) check parameters
[0.337s] colcon.colcon_core.package_discovery Level 1 discover_packages(recursive) check parameters
[0.337s] colcon.colcon_core.package_discovery Level 1 discover_packages(ignore) check parameters
[0.337s] colcon.colcon_core.package_discovery Level 1 discover_packages(path) check parameters
[0.337s] colcon.colcon_core.package_discovery Level 1 discover_packages(recursive) discover
[0.338s] colcon.colcon_core.package_discovery INFO Crawling recursively for packages in '/home/nikolaakrap/autonomous_irregular_object_manipulation'
[0.338s] colcon.colcon_core.package_identification Level 1 _identify(/home/nikolaakrap/autonomous_irregular_object_manipulation) by extensions ['ignore', 'ignore_ament_install']
[0.338s] colcon.colcon_core.package_identification Level 1 _identify(/home/nikolaakrap/autonomous_irregular_object_manipulation) by extension 'ignore'
[0.338s] colcon.colcon_core.package_identification Level 1 _identify(/home/nikolaakrap/autonomous_irregular_object_manipulation) by extension 'ignore_ament_install'
[0.338s] colcon.colcon_core.package_identification Level 1 _identify(/home/nikolaakrap/autonomous_irregular_object_manipulation) by extensions ['colcon_pkg']
[0.338s] colcon.colcon_core.package_identification Level 1 _identify(/home/nikolaakrap/autonomous_irregular_object_manipulation) by extension 'colcon_pkg'
[0.338s] colcon.colcon_core.package_identification Level 1 _identify(/home/nikolaakrap/autonomous_irregular_object_manipulation) by extensions ['colcon_meta']
[0.338s] colcon.colcon_core.package_identification Level 1 _identify(/home/nikolaakrap/autonomous_irregular_object_manipulation) by extension 'colcon_meta'
[0.338s] colcon.colcon_core.package_identification Level 1 _identify(/home/nikolaakrap/autonomous_irregular_object_manipulation) by extensions ['ros']
[0.338s] colcon.colcon_core.package_identification Level 1 _identify(/home/nikolaakrap/autonomous_irregular_object_manipulation) by extension 'ros'
[0.364s] colcon.colcon_core.package_identification Level 1 _identify(/home/nikolaakrap/autonomous_irregular_object_manipulation) by extensions ['cmake', 'python']
[0.365s] colcon.colcon_core.package_identification Level 1 _identify(/home/nikolaakrap/autonomous_irregular_object_manipulation) by extension 'cmake'
[0.365s] colcon.colcon_core.package_identification Level 1 _identify(/home/nikolaakrap/autonomous_irregular_object_manipulation) by extension 'python'
[0.365s] colcon.colcon_core.package_identification Level 1 _identify(/home/nikolaakrap/autonomous_irregular_object_manipulation) by extensions ['python_setup_py']
[0.365s] colcon.colcon_core.package_identification Level 1 _identify(/home/nikolaakrap/autonomous_irregular_object_manipulation) by extension 'python_setup_py'
[0.365s] colcon.colcon_core.package_identification Level 1 _identify(/home/nikolaakrap/autonomous_irregular_object_manipulation/capture_data) by extensions ['ignore', 'ignore_ament_install']
[0.365s] colcon.colcon_core.package_identification Level 1 _identify(/home/nikolaakrap/autonomous_irregular_object_manipulation/capture_data) by extension 'ignore'
[0.365s] colcon.colcon_core.package_identification Level 1 _identify(/home/nikolaakrap/autonomous_irregular_object_manipulation/capture_data) by extension 'ignore_ament_install'
[0.365s] colcon.colcon_core.package_identification Level 1 _identify(/home/nikolaakrap/autonomous_irregular_object_manipulation/capture_data) by extensions ['colcon_pkg']
[0.365s] colcon.colcon_core.package_identification Level 1 _identify(/home/nikolaakrap/autonomous_irregular_object_manipulation/capture_data) by extension 'colcon_pkg'
[0.365s] colcon.colcon_core.package_identification Level 1 _identify(/home/nikolaakrap/autonomous_irregular_object_manipulation/capture_data) by extensions ['colcon_meta']
[0.365s] colcon.colcon_core.package_identification Level 1 _identify(/home/nikolaakrap/autonomous_irregular_object_manipulation/capture_data) by extension 'colcon_meta'
[0.365s] colcon.colcon_core.package_identification Level 1 _identify(/home/nikolaakrap/autonomous_irregular_object_manipulation/capture_data) by extensions ['ros']
[0.365s] colcon.colcon_core.package_identification Level 1 _identify(/home/nikolaakrap/autonomous_irregular_object_manipulation/capture_data) by extension 'ros'
[0.365s] colcon.colcon_core.package_identification Level 1 _identify(/home/nikolaakrap/autonomous_irregular_object_manipulation/capture_data) by extensions ['cmake', 'python']
[0.365s] colcon.colcon_core.package_identification Level 1 _identify(/home/nikolaakrap/autonomous_irregular_object_manipulation/capture_data) by extension 'cmake'
[0.365s] colcon.colcon_core.package_identification Level 1 _identify(/home/nikolaakrap/autonomous_irregular_object_manipulation/capture_data) by extension 'python'
[0.365s] colcon.colcon_core.package_identification Level 1 _identify(/home/nikolaakrap/autonomous_irregular_object_manipulation/capture_data) by extensions ['python_setup_py']
[0.365s] colcon.colcon_core.package_identification Level 1 _identify(/home/nikolaakrap/autonomous_irregular_object_manipulation/capture_data) by extension 'python_setup_py'
[0.366s] colcon.colcon_core.package_identification Level 1 _identify(/home/nikolaakrap/autonomous_irregular_object_manipulation/data) by extensions ['ignore', 'ignore_ament_install']
[0.366s] colcon.colcon_core.package_identification Level 1 _identify(/home/nikolaakrap/autonomous_irregular_object_manipulation/data) by extension 'ignore'
[0.366s] colcon.colcon_core.package_identification Level 1 _identify(/home/nikolaakrap/autonomous_irregular_object_manipulation/data) by extension 'ignore_ament_install'
[0.366s] colcon.colcon_core.package_identification Level 1 _identify(/home/nikolaakrap/autonomous_irregular_object_manipulation/data) by extensions ['colcon_pkg']
[0.366s] colcon.colcon_core.package_identification Level 1 _identify(/home/nikolaakrap/autonomous_irregular_object_manipulation/data) by extension 'colcon_pkg'
[0.366s] colcon.colcon_core.package_identification Level 1 _identify(/home/nikolaakrap/autonomous_irregular_object_manipulation/data) by extensions ['colcon_meta']
[0.366s] colcon.colcon_core.package_identification Level 1 _identify(/home/nikolaakrap/autonomous_irregular_object_manipulation/data) by extension 'colcon_meta'
[0.366s] colcon.colcon_core.package_identification Level 1 _identify(/home/nikolaakrap/autonomous_irregular_object_manipulation/data) by extensions ['ros']
[0.366s] colcon.colcon_core.package_identification Level 1 _identify(/home/nikolaakrap/autonomous_irregular_object_manipulation/data) by extension 'ros'
[0.366s] colcon.colcon_core.package_identification Level 1 _identify(/home/nikolaakrap/autonomous_irregular_object_manipulation/data) by extensions ['cmake', 'python']
[0.366s] colcon.colcon_core.package_identification Level 1 _identify(/home/nikolaakrap/autonomous_irregular_object_manipulation/data) by extension 'cmake'
[0.366s] colcon.colcon_core.package_identification Level 1 _identify(/home/nikolaakrap/autonomous_irregular_object_manipulation/data) by extension 'python'
[0.366s] colcon.colcon_core.package_identification Level 1 _identify(/home/nikolaakrap/autonomous_irregular_object_manipulation/data) by extensions ['python_setup_py']
[0.366s] colcon.colcon_core.package_identification Level 1 _identify(/home/nikolaakrap/autonomous_irregular_object_manipulation/data) by extension 'python_setup_py'
[0.366s] colcon.colcon_core.package_identification Level 1 _identify(/home/nikolaakrap/autonomous_irregular_object_manipulation/data/calib_images) by extensions ['ignore', 'ignore_ament_install']
[0.366s] colcon.colcon_core.package_identification Level 1 _identify(/home/nikolaakrap/autonomous_irregular_object_manipulation/data/calib_images) by extension 'ignore'
[0.366s] colcon.colcon_core.package_identification Level 1 _identify(/home/nikolaakrap/autonomous_irregular_object_manipulation/data/calib_images) by extension 'ignore_ament_install'
[0.366s] colcon.colcon_core.package_identification Level 1 _identify(/home/nikolaakrap/autonomous_irregular_object_manipulation/data/calib_images) by extensions ['colcon_pkg']
[0.366s] colcon.colcon_core.package_identification Level 1 _identify(/home/nikolaakrap/autonomous_irregular_object_manipulation/data/calib_images) by extension 'colcon_pkg'
[0.367s] colcon.colcon_core.package_identification Level 1 _identify(/home/nikolaakrap/autonomous_irregular_object_manipulation/data/calib_images) by extensions ['colcon_meta']
[0.367s] colcon.colcon_core.package_identification Level 1 _identify(/home/nikolaakrap/autonomous_irregular_object_manipulation/data/calib_images) by extension 'colcon_meta'
[0.367s] colcon.colcon_core.package_identification Level 1 _identify(/home/nikolaakrap/autonomous_irregular_object_manipulation/data/calib_images) by extensions ['ros']
[0.367s] colcon.colcon_core.package_identification Level 1 _identify(/home/nikolaakrap/autonomous_irregular_object_manipulation/data/calib_images) by extension 'ros'
[0.367s] colcon.colcon_core.package_identification Level 1 _identify(/home/nikolaakrap/autonomous_irregular_object_manipulation/data/calib_images) by extensions ['cmake', 'python']
[0.367s] colcon.colcon_core.package_identification Level 1 _identify(/home/nikolaakrap/autonomous_irregular_object_manipulation/data/calib_images) by extension 'cmake'
[0.367s] colcon.colcon_core.package_identification Level 1 _identify(/home/nikolaakrap/autonomous_irregular_object_manipulation/data/calib_images) by extension 'python'
[0.367s] colcon.colcon_core.package_identification Level 1 _identify(/home/nikolaakrap/autonomous_irregular_object_manipulation/data/calib_images) by extensions ['python_setup_py']
[0.367s] colcon.colcon_core.package_identification Level 1 _identify(/home/nikolaakrap/autonomous_irregular_object_manipulation/data/calib_images) by extension 'python_setup_py'
[0.367s] colcon.colcon_core.package_identification Level 1 _identify(/home/nikolaakrap/autonomous_irregular_object_manipulation/data/calib_results) by extensions ['ignore', 'ignore_ament_install']
[0.367s] colcon.colcon_core.package_identification Level 1 _identify(/home/nikolaakrap/autonomous_irregular_object_manipulation/data/calib_results) by extension 'ignore'
[0.367s] colcon.colcon_core.package_identification Level 1 _identify(/home/nikolaakrap/autonomous_irregular_object_manipulation/data/calib_results) by extension 'ignore_ament_install'
[0.367s] colcon.colcon_core.package_identification Level 1 _identify(/home/nikolaakrap/autonomous_irregular_object_manipulation/data/calib_results) by extensions ['colcon_pkg']
[0.367s] colcon.colcon_core.package_identification Level 1 _identify(/home/nikolaakrap/autonomous_irregular_object_manipulation/data/calib_results) by extension 'colcon_pkg'
[0.367s] colcon.colcon_core.package_identification Level 1 _identify(/home/nikolaakrap/autonomous_irregular_object_manipulation/data/calib_results) by extensions ['colcon_meta']
[0.367s] colcon.colcon_core.package_identification Level 1 _identify(/home/nikolaakrap/autonomous_irregular_object_manipulation/data/calib_results) by extension 'colcon_meta'
[0.367s] colcon.colcon_core.package_identification Level 1 _identify(/home/nikolaakrap/autonomous_irregular_object_manipulation/data/calib_results) by extensions ['ros']
[0.367s] colcon.colcon_core.package_identification Level 1 _identify(/home/nikolaakrap/autonomous_irregular_object_manipulation/data/calib_results) by extension 'ros'
[0.367s] colcon.colcon_core.package_identification Level 1 _identify(/home/nikolaakrap/autonomous_irregular_object_manipulation/data/calib_results) by extensions ['cmake', 'python']
[0.367s] colcon.colcon_core.package_identification Level 1 _identify(/home/nikolaakrap/autonomous_irregular_object_manipulation/data/calib_results) by extension 'cmake'
[0.367s] colcon.colcon_core.package_identification Level 1 _identify(/home/nikolaakrap/autonomous_irregular_object_manipulation/data/calib_results) by extension 'python'
[0.367s] colcon.colcon_core.package_identification Level 1 _identify(/home/nikolaakrap/autonomous_irregular_object_manipulation/data/calib_results) by extensions ['python_setup_py']
[0.367s] colcon.colcon_core.package_identification Level 1 _identify(/home/nikolaakrap/autonomous_irregular_object_manipulation/data/calib_results) by extension 'python_setup_py'
[0.368s] colcon.colcon_core.package_identification Level 1 _identify(/home/nikolaakrap/autonomous_irregular_object_manipulation/log) by extensions ['ignore', 'ignore_ament_install']
[0.368s] colcon.colcon_core.package_identification Level 1 _identify(/home/nikolaakrap/autonomous_irregular_object_manipulation/log) by extension 'ignore'
[0.368s] colcon.colcon_core.package_identification Level 1 _identify(/home/nikolaakrap/autonomous_irregular_object_manipulation/log) ignored
[0.368s] colcon.colcon_core.package_identification Level 1 _identify(/home/nikolaakrap/autonomous_irregular_object_manipulation/results) by extensions ['ignore', 'ignore_ament_install']
[0.368s] colcon.colcon_core.package_identification Level 1 _identify(/home/nikolaakrap/autonomous_irregular_object_manipulation/results) by extension 'ignore'
[0.368s] colcon.colcon_core.package_identification Level 1 _identify(/home/nikolaakrap/autonomous_irregular_object_manipulation/results) by extension 'ignore_ament_install'
[0.368s] colcon.colcon_core.package_identification Level 1 _identify(/home/nikolaakrap/autonomous_irregular_object_manipulation/results) by extensions ['colcon_pkg']
[0.368s] colcon.colcon_core.package_identification Level 1 _identify(/home/nikolaakrap/autonomous_irregular_object_manipulation/results) by extension 'colcon_pkg'
[0.368s] colcon.colcon_core.package_identification Level 1 _identify(/home/nikolaakrap/autonomous_irregular_object_manipulation/results) by extensions ['colcon_meta']
[0.368s] colcon.colcon_core.package_identification Level 1 _identify(/home/nikolaakrap/autonomous_irregular_object_manipulation/results) by extension 'colcon_meta'
[0.368s] colcon.colcon_core.package_identification Level 1 _identify(/home/nikolaakrap/autonomous_irregular_object_manipulation/results) by extensions ['ros']
[0.368s] colcon.colcon_core.package_identification Level 1 _identify(/home/nikolaakrap/autonomous_irregular_object_manipulation/results) by extension 'ros'
[0.368s] colcon.colcon_core.package_identification Level 1 _identify(/home/nikolaakrap/autonomous_irregular_object_manipulation/results) by extensions ['cmake', 'python']
[0.368s] colcon.colcon_core.package_identification Level 1 _identify(/home/nikolaakrap/autonomous_irregular_object_manipulation/results) by extension 'cmake'
[0.368s] colcon.colcon_core.package_identification Level 1 _identify(/home/nikolaakrap/autonomous_irregular_object_manipulation/results) by extension 'python'
[0.368s] colcon.colcon_core.package_identification Level 1 _identify(/home/nikolaakrap/autonomous_irregular_object_manipulation/results) by extensions ['python_setup_py']
[0.368s] colcon.colcon_core.package_identification Level 1 _identify(/home/nikolaakrap/autonomous_irregular_object_manipulation/results) by extension 'python_setup_py'
[0.368s] colcon.colcon_core.package_identification Level 1 _identify(/home/nikolaakrap/autonomous_irregular_object_manipulation/src) by extensions ['ignore', 'ignore_ament_install']
[0.369s] colcon.colcon_core.package_identification Level 1 _identify(/home/nikolaakrap/autonomous_irregular_object_manipulation/src) by extension 'ignore'
[0.369s] colcon.colcon_core.package_identification Level 1 _identify(/home/nikolaakrap/autonomous_irregular_object_manipulation/src) by extension 'ignore_ament_install'
[0.369s] colcon.colcon_core.package_identification Level 1 _identify(/home/nikolaakrap/autonomous_irregular_object_manipulation/src) by extensions ['colcon_pkg']
[0.369s] colcon.colcon_core.package_identification Level 1 _identify(/home/nikolaakrap/autonomous_irregular_object_manipulation/src) by extension 'colcon_pkg'
[0.369s] colcon.colcon_core.package_identification Level 1 _identify(/home/nikolaakrap/autonomous_irregular_object_manipulation/src) by extensions ['colcon_meta']
[0.369s] colcon.colcon_core.package_identification Level 1 _identify(/home/nikolaakrap/autonomous_irregular_object_manipulation/src) by extension 'colcon_meta'
[0.369s] colcon.colcon_core.package_identification Level 1 _identify(/home/nikolaakrap/autonomous_irregular_object_manipulation/src) by extensions ['ros']
[0.369s] colcon.colcon_core.package_identification Level 1 _identify(/home/nikolaakrap/autonomous_irregular_object_manipulation/src) by extension 'ros'
[0.369s] colcon.colcon_core.package_identification Level 1 _identify(/home/nikolaakrap/autonomous_irregular_object_manipulation/src) by extensions ['cmake', 'python']
[0.369s] colcon.colcon_core.package_identification Level 1 _identify(/home/nikolaakrap/autonomous_irregular_object_manipulation/src) by extension 'cmake'
[0.369s] colcon.colcon_core.package_identification Level 1 _identify(/home/nikolaakrap/autonomous_irregular_object_manipulation/src) by extension 'python'
[0.369s] colcon.colcon_core.package_identification Level 1 _identify(/home/nikolaakrap/autonomous_irregular_object_manipulation/src) by extensions ['python_setup_py']
[0.369s] colcon.colcon_core.package_identification Level 1 _identify(/home/nikolaakrap/autonomous_irregular_object_manipulation/src) by extension 'python_setup_py'
[0.369s] colcon.colcon_core.package_identification Level 1 _identify(/home/nikolaakrap/autonomous_irregular_object_manipulation/src/01_calibration) by extensions ['ignore', 'ignore_ament_install']
[0.369s] colcon.colcon_core.package_identification Level 1 _identify(/home/nikolaakrap/autonomous_irregular_object_manipulation/src/01_calibration) by extension 'ignore'
[0.369s] colcon.colcon_core.package_identification Level 1 _identify(/home/nikolaakrap/autonomous_irregular_object_manipulation/src/01_calibration) by extension 'ignore_ament_install'
[0.369s] colcon.colcon_core.package_identification Level 1 _identify(/home/nikolaakrap/autonomous_irregular_object_manipulation/src/01_calibration) by extensions ['colcon_pkg']
[0.369s] colcon.colcon_core.package_identification Level 1 _identify(/home/nikolaakrap/autonomous_irregular_object_manipulation/src/01_calibration) by extension 'colcon_pkg'
[0.369s] colcon.colcon_core.package_identification Level 1 _identify(/home/nikolaakrap/autonomous_irregular_object_manipulation/src/01_calibration) by extensions ['colcon_meta']
[0.369s] colcon.colcon_core.package_identification Level 1 _identify(/home/nikolaakrap/autonomous_irregular_object_manipulation/src/01_calibration) by extension 'colcon_meta'
[0.369s] colcon.colcon_core.package_identification Level 1 _identify(/home/nikolaakrap/autonomous_irregular_object_manipulation/src/01_calibration) by extensions ['ros']
[0.369s] colcon.colcon_core.package_identification Level 1 _identify(/home/nikolaakrap/autonomous_irregular_object_manipulation/src/01_calibration) by extension 'ros'
[0.369s] colcon.colcon_core.package_identification Level 1 _identify(/home/nikolaakrap/autonomous_irregular_object_manipulation/src/01_calibration) by extensions ['cmake', 'python']
[0.369s] colcon.colcon_core.package_identification Level 1 _identify(/home/nikolaakrap/autonomous_irregular_object_manipulation/src/01_calibration) by extension 'cmake'
[0.369s] colcon.colcon_core.package_identification Level 1 _identify(/home/nikolaakrap/autonomous_irregular_object_manipulation/src/01_calibration) by extension 'python'
[0.370s] colcon.colcon_core.package_identification Level 1 _identify(/home/nikolaakrap/autonomous_irregular_object_manipulation/src/01_calibration) by extensions ['python_setup_py']
[0.370s] colcon.colcon_core.package_identification Level 1 _identify(/home/nikolaakrap/autonomous_irregular_object_manipulation/src/01_calibration) by extension 'python_setup_py'
[0.370s] colcon.colcon_core.package_identification Level 1 _identify(/home/nikolaakrap/autonomous_irregular_object_manipulation/src/02_vision) by extensions ['ignore', 'ignore_ament_install']
[0.370s] colcon.colcon_core.package_identification Level 1 _identify(/home/nikolaakrap/autonomous_irregular_object_manipulation/src/02_vision) by extension 'ignore'
[0.370s] colcon.colcon_core.package_identification Level 1 _identify(/home/nikolaakrap/autonomous_irregular_object_manipulation/src/02_vision) by extension 'ignore_ament_install'
[0.370s] colcon.colcon_core.package_identification Level 1 _identify(/home/nikolaakrap/autonomous_irregular_object_manipulation/src/02_vision) by extensions ['colcon_pkg']
[0.370s] colcon.colcon_core.package_identification Level 1 _identify(/home/nikolaakrap/autonomous_irregular_object_manipulation/src/02_vision) by extension 'colcon_pkg'
[0.370s] colcon.colcon_core.package_identification Level 1 _identify(/home/nikolaakrap/autonomous_irregular_object_manipulation/src/02_vision) by extensions ['colcon_meta']
[0.370s] colcon.colcon_core.package_identification Level 1 _identify(/home/nikolaakrap/autonomous_irregular_object_manipulation/src/02_vision) by extension 'colcon_meta'
[0.370s] colcon.colcon_core.package_identification Level 1 _identify(/home/nikolaakrap/autonomous_irregular_object_manipulation/src/02_vision) by extensions ['ros']
[0.370s] colcon.colcon_core.package_identification Level 1 _identify(/home/nikolaakrap/autonomous_irregular_object_manipulation/src/02_vision) by extension 'ros'
[0.370s] colcon.colcon_core.package_identification Level 1 _identify(/home/nikolaakrap/autonomous_irregular_object_manipulation/src/02_vision) by extensions ['cmake', 'python']
[0.370s] colcon.colcon_core.package_identification Level 1 _identify(/home/nikolaakrap/autonomous_irregular_object_manipulation/src/02_vision) by extension 'cmake'
[0.371s] colcon.colcon_core.package_identification Level 1 _identify(/home/nikolaakrap/autonomous_irregular_object_manipulation/src/02_vision) by extension 'python'
[0.371s] colcon.colcon_core.package_identification DEBUG Package '/home/nikolaakrap/autonomous_irregular_object_manipulation/src/02_vision' with type 'cmake' and name 'VisionPipeline'
[0.372s] colcon.colcon_core.package_discovery Level 1 discover_packages(recursive) using defaults
